// Jest Snapshot v1, https://goo.gl/fbAQLP

exports[`actions/next nextPlayer dispatches next player actions 1`] = `
Array [
  Array [
    Object {
      "step": 1,
      "type": "NEXT_PLAYER",
    },
  ],
  Array [
    Object {
      "step": 2,
      "type": "NEXT_PLAYER",
    },
  ],
]
`;

exports[`actions/next nextPlayer dispatches next player actions 2`] = `
Array [
  Array [],
  Array [],
]
`;
